
example_first.asm      Assembled with CASM08Z  11/12/2023  23:01:10  PAGE 1



                        1  ;Create a list of integers from address $80 to $90.
                        2  ;Apply Ca1 to all elements and keep them in the 
                                                                same direction.
                        3  
 0080                   4                  ORG $80                             
                                                                ;memory address
 0080      45D15578     5  LISTA           DB $45,$D1,$55,$78,$FF,$01,$33,$A0,$
                                             D4,$54,$22        ;random integers
           FF0133A0 
           D45422 
 008B      0B           6  LENGTH          DB $0B                              
                                                                   ;list length
                        7  
 EE00                   8                  ORG $EE00         ;program direction
 EE00 [02] AE80         9                  LDX #LISTA        ;load at index x
 EE02 [02] F6          10  START:          LDA ,X            ;load at acumulato
                                                                              r
 EE03 [01] 43          11                  COMA              ;Ca1
 EE04 [02] F7          12                  STA ,X            ;overwrite
 EE05 [04] 3A8B        13                  DEC LENGTH        ;LENGTH--
 EE07 [03] 2703        14                  BEQ END           ;jump if flag Z=1
 EE09 [01] 5C          15                  INCX              ;X++
 EE0A [03] 20F6        16                  BRA START         ;jump to START
                       17                 
 EE0C [09] 83          18  END:           SWI
                       19  
 FFFA                  20                 ORG $FFFA
 FFFA      EE00        21                 DW $EE00
 FFFC      EE00        22                 DW $EE00
 FFFE      EE00        23                 DW $EE00
                       24   

 Symbol Table 

END              EE0C
LENGTH           008B
LISTA            0080
START            EE02
